Vivado Simulator v2025.2
Copyright 1986-2022 Xilinx, Inc. All Rights Reserved.
Copyright 2022-2025 Advanced Micro Devices, Inc. All Rights Reserved.
Running: /home/tkeller/Xilinx/2025.2/Vivado/bin/unwrapped/lnx64.o/xelab work.glbl work.pure_dotp_one_beat_dsp58 -relax -prj rtlsim.prj -dll -s pure_dotp_one_beat_dsp58 --mt 2 -define FINN_SIMULATION -L smartconnect_v1_0 -L axi_protocol_checker_v1_1_12 -L axi_protocol_checker_v1_1_13 -L axis_protocol_checker_v1_1_11 -L axis_protocol_checker_v1_1_12 -L xil_defaultlib -L unisims_ver -L xpm -L floating_point_v7_1_16 -L floating_point_v7_0_21 -L floating_point_v7_1_18 -L floating_point_v7_1_15 -L floating_point_v7_1_19 -L floating_point_v7_1_21 -L floating_point_v7_0_26 
Using 2 slave threads.
WARNING: [XSIM 43-3431] One or more environment variables have been detected which affect the operation of the C compiler. These are typically not set in standard installations and are not tested by AMD, however they may be appropriate for your system, so the flow will attempt to continue.  If errors occur, try running xelab with the "-mt off -v 1" switches to see more information from the C compiler. The following environment variables have been detected:
INFO: [VRFC 10-2263] Analyzing Verilog file "/home/tkeller/Xilinx/2025.2/data/verilog/src/glbl.v" into library work
INFO: [VRFC 10-311] analyzing module glbl
INFO: [VRFC 10-2263] Analyzing SystemVerilog file "/home/tkeller/prj-kernels/finn-unified-space-stack/deps/finnlib/rtl/arith/add_multi_pkg.sv" into library work
INFO: [VRFC 10-2263] Analyzing SystemVerilog file "/home/tkeller/prj-kernels/finn-unified-space-stack/deps/finnlib/rtl/arith/add_multi.sv" into library work
INFO: [VRFC 10-311] analyzing module add_multi
INFO: [VRFC 10-2263] Analyzing SystemVerilog file "/home/tkeller/prj-kernels/finn-unified-space-stack/deps/finnlib/rtl/linalg/dotp_8sx9_dsp58.sv" into library work
INFO: [VRFC 10-311] analyzing module dotp_8sx9_dsp58
INFO: [VRFC 10-2263] Analyzing SystemVerilog file "/home/tkeller/prj-kernels/finn-unified-space-stack/deps/finnlib/rtl/linalg/dotp.sv" into library work
INFO: [VRFC 10-311] analyzing module dotp
INFO: [VRFC 10-2263] Analyzing SystemVerilog file "/home/tkeller/prj-kernels/finn-kernels-extraction/src/finn/kernels/resources/dotp_axi.sv" into library work
INFO: [VRFC 10-311] analyzing module dotp_axi
INFO: [VRFC 10-2263] Analyzing SystemVerilog file "/tmp/kernel-extraction-rtl-ICkDVH/dotp/one_beat_dsp58/pure_dotp_one_beat_dsp58.sv" into library work
INFO: [VRFC 10-311] analyzing module pure_dotp_one_beat_dsp58
Starting static elaboration
Pass Through NonSizing Optimizer
Completed static elaboration
Starting simulation data flow analysis
WARNING: [XSIM 43-4099] "/home/tkeller/prj-kernels/finn-unified-space-stack/deps/finnlib/rtl/arith/add_multi_pkg.sv" Line 9. Module add_multi_pkg doesn't have a timescale but at least one module in design has a timescale.
WARNING: [XSIM 43-4099] "/tmp/kernel-extraction-rtl-ICkDVH/dotp/one_beat_dsp58/pure_dotp_one_beat_dsp58.sv" Line 1. Module pure_dotp_one_beat_dsp58 doesn't have a timescale but at least one module in design has a timescale.
WARNING: [XSIM 43-4099] "/home/tkeller/prj-kernels/finn-kernels-extraction/src/finn/kernels/resources/dotp_axi.sv" Line 25. Module dotp_axi(VERSION=32'b011,ACTIVATION_BROADCASTING=1'b1,PE=32'b010,SIMD=32'b0100,ACTIVATION_WIDTH=32'b011,WEIGHT_WIDTH=32'b011,ACCU_WIDTH=32'b01000,SIGNED_ACTIVATIONS=1'b1) doesn't have a timescale but at least one module in design has a timescale.
WARNING: [XSIM 43-4099] "/home/tkeller/prj-kernels/finn-unified-space-stack/deps/finnlib/rtl/linalg/dotp.sv" Line 11. Module dotp(VERSION=32'b011,PE=32'b010,SIMD=32'b0100,WEIGHT_WIDTH=32'b011,ACTIVATION_WIDTH=32'b011,ACCU_WIDTH=32'b01000,SIGNED_ACTIVATIONS=1'b1) doesn't have a timescale but at least one module in design has a timescale.
WARNING: [XSIM 43-4099] "/home/tkeller/prj-kernels/finn-unified-space-stack/deps/finnlib/rtl/arith/add_multi.sv" Line 9. Module add_multi(N=32'b0100,DEPTH=32'b01,ARG_WIDTH=32'b010,ARG_LO=-1,ARG_HI=1) doesn't have a timescale but at least one module in design has a timescale.
WARNING: [XSIM 43-4099] "/home/tkeller/prj-kernels/finn-unified-space-stack/deps/finnlib/rtl/arith/add_multi.sv" Line 9. Module add_multi(N=32'b0100,DEPTH=32'b010,ARG_WIDTH=32'b0101,RESET_ZERO=1'b0) doesn't have a timescale but at least one module in design has a timescale.
WARNING: [XSIM 43-4099] "/home/tkeller/prj-kernels/finn-unified-space-stack/deps/finnlib/rtl/arith/add_multi.sv" Line 9. Module add_multi(N=32'b0100,DEPTH=32'b010,ARG_WIDTH=32'b01000,RESET_ZERO=1'b0) doesn't have a timescale but at least one module in design has a timescale.
Completed simulation data flow analysis
Time Resolution for simulation is 1ps
Compiling package work.add_multi_pkg
Compiling module work.glbl
Compiling module unisims_ver.LUT6_2(INIT=64'b0110101011000000...
Compiling module unisims_ver.DSP58(ACASCREG=0,ALUMODEREG=0,AM...
Compiling module work.add_multi(N=32'b0100,DEPTH=32'b0...
Compiling module work.add_multi(N=32'b0100,DEPTH=32'b0...
Compiling module work.add_multi(N=32'b0100,DEPTH=32'b0...
Compiling module work.dotp(VERSION=32'b011,PE=32'b010,...
Compiling module work.dotp_axi(VERSION=32'b011,ACTIVAT...
Compiling module work.pure_dotp_one_beat_dsp58
Built XSI simulation shared library xsim.dir/pure_dotp_one_beat_dsp58/xsimk.so
