name-only        src/finn/kernels/eltwise.py:142                  derived  BEAT_SEQUENCE                    T | marker
name-only        src/finn/kernels/eltwise.py:146                  derived  BEAT_SEQUENCE                    T | marker
name-only        src/finn/kernels/eltwise.py:160                  derived  BEAT_SEQUENCE                    T | marker
name-only        src/finn/kernels/matmul.py:300                   derived  TRAVERSAL                        plain
name-only        src/finn/kernels/memstream.py:206                derived  BEAT_SEQUENCE                    plain
name-only        src/finn/kernels/memstream.py:211                derived  BEAT_SEQUENCE                    plain
name-only        src/finn/kernels/memstream.py:81                 Param    TRAVERSAL                        plain
name-only        src/finn/kernels/port.py:236                     derived  BEAT_SEQUENCE                    T | marker
name-only        src/finn/kernels/port.py:262                     Param    BEAT_SEQUENCE                    plain
name-only        src/finn/kernels/streams.py:115                  Param    BEAT_SEQUENCE                    plain
name-only        src/finn/kernels/streams.py:232                  derived  BEAT_SEQUENCE                    plain
name-only        src/finn/kernels/thresholding.py:238             derived  BEAT_SEQUENCE                    T | marker
name-only        src/finn/kernels/thresholding.py:253             derived  BEAT_SEQUENCE                    T | marker
name-only        src/finn/kernels/thresholding.py:261             derived  BEAT_SEQUENCE                    T | marker
name-only        src/finn/kernels/transpose.py:64                 Param    TRAVERSAL                        plain
name-only        src/finn/kernels/transpose.py:93                 derived  BEAT_SEQUENCE                    plain
name-only        src/finn/kernels/transpose.py:97                 derived  BEAT_SEQUENCE                    plain
redundant-D2     src/finn/dataflow/stream.py:96                   derived  PLAN                             T | marker
redundant-D2     src/finn/kernels/adapters.py:252                 derived  REALIZATION                      T | marker
redundant-D2     src/finn/kernels/adapters.py:299                 derived  INPUT_GEN_FACTS                  T | marker
redundant-D2     src/finn/kernels/adapters.py:303                 derived  INPUT_GEN_FACTS                  T | marker
redundant-D2     src/finn/kernels/adapters.py:307                 derived  VPC_FACTS                        T | marker
redundant-D2     src/finn/kernels/adapters.py:311                 derived  VPC_FACTS                        T | marker
redundant-D2     src/finn/kernels/base.py:203                     derived  MODULE_REQUIREMENTS              T | marker
redundant-D2     src/finn/kernels/base.py:225                     view     TIEOFFS_SEMANTICS                T | marker
redundant-D2     src/finn/kernels/composite.py:494                view     COMPOSED                         T | marker
redundant-D2     src/finn/kernels/composite.py:527                view     PARTS_SEMANTICS                  T | marker
redundant-D2     src/finn/kernels/control.py:102                  view     EXPORTED_SEMANTICS               T | marker
redundant-D2     src/finn/kernels/datatypes/scalar.py:47          derived  SCALAR_ENCODING                  T | marker
redundant-D2     src/finn/kernels/dotp.py:205                     derived  <int>                            T | marker
redundant-D2     src/finn/kernels/eltwise.py:92                   derived  <float>                          T | marker
redundant-D2     src/finn/kernels/fifo.py:64                      view     <FifoStorage>                    T | marker
redundant-D2     src/finn/kernels/input_generator.py:81           derived  MARKERS                          T | marker
redundant-D2     src/finn/kernels/matmul.py:231                   derived  TENSOR                           T | marker
redundant-D2     src/finn/kernels/matmul.py:237                   derived  TENSOR                           T | marker
redundant-D2     src/finn/kernels/matmul.py:241                   derived  TENSOR                           T | marker
redundant-D2     src/finn/kernels/matmul.py:245                   derived  TENSOR                           T | marker
redundant-D2     src/finn/kernels/matmul.py:341                   view     FINN_ATTRIBUTES                  T | marker
redundant-D2     src/finn/kernels/memstream_hls.py:44             derived  <str>                            T | marker
redundant-D2     src/finn/kernels/port.py:122                     derived  TRANSPORT                        T | marker
redundant-D2     src/finn/kernels/port.py:156                     derived  SCALAR_ENCODING                  T | marker
redundant-D2     src/finn/kernels/port.py:177                     derived  AXI_STREAM                       T | marker
redundant-D2     src/finn/kernels/port.py:192                     derived  TRANSPORT                        T | marker
redundant-D2     src/finn/kernels/port.py:264                     derived  SCALAR_ENCODING                  T | marker
redundant-D2     src/finn/kernels/streams.py:172                  derived  CONNECTION_SEMANTICS             T | marker
redundant-D2     src/finn/kernels/streams.py:268                  view     STREAM_CONTRACT                  T | marker
redundant-D2     src/finn/kernels/thresholding.py:194             derived  <Bus>                            T | marker
redundant-D2     src/finn/kernels/transpose.py:67                 derived  <tuple>                          T | marker
redundant-today  src/finn/dataflow/stream.py:71                   Param    TENSOR                           plain
redundant-today  src/finn/kernels/adapters.py:249                 Param    TENSOR                           plain
redundant-today  src/finn/kernels/adapters.py:250                 Param    PLAN                             plain
redundant-today  src/finn/kernels/adapters.py:315                 view     STAGES                           plain
redundant-today  src/finn/kernels/base.py:197                     derived  CLOCKING                         plain
redundant-today  src/finn/kernels/composite.py:509                view     MODULE_REQUIREMENTS              plain
redundant-today  src/finn/kernels/dotp.py:111                     derived  SCHEDULE                         plain
redundant-today  src/finn/kernels/dotp.py:120                     derived  INDICES                          plain
redundant-today  src/finn/kernels/dotp.py:124                     derived  INDICES                          plain
redundant-today  src/finn/kernels/dotp.py:227                     derived  CLOCKING                         plain
redundant-today  src/finn/kernels/eltwise.py:201                  derived  CLOCKING                         plain
redundant-today  src/finn/kernels/fifo.py:105                     derived  CLOCKING                         plain
redundant-today  src/finn/kernels/input_generator.py:92           derived  CLOCKING                         plain
redundant-today  src/finn/kernels/memstream.py:153                derived  <GeneratedData>                  plain
redundant-today  src/finn/kernels/memstream.py:171                derived  <Bus>                            plain
redundant-today  src/finn/kernels/memstream.py:239                derived  CLOCKING                         plain
redundant-today  src/finn/kernels/memstream.py:279                view     CONTROL_SEMANTICS                plain
redundant-today  src/finn/kernels/port.py:118                     Param    MARKERS                          plain
redundant-today  src/finn/kernels/port.py:149                     Param    SIGNAL_NAMES                     plain
redundant-today  src/finn/kernels/port.py:209                     view     <tuple>                          plain
redundant-today  src/finn/kernels/port.py:215                     view     STREAM_CONTRACT                  plain
redundant-today  src/finn/kernels/port.py:228                     Param    SCHEDULE                         plain
redundant-today  src/finn/kernels/port.py:229                     Param    INDICES                          plain
redundant-today  src/finn/kernels/port.py:230                     Param    INDICES                          plain
redundant-today  src/finn/kernels/port.py:231                     Param    INDICES                          plain
redundant-today  src/finn/kernels/port.py:232                     Param    INDICES                          plain
redundant-today  src/finn/kernels/port.py:233                     Param    INDICES                          plain
redundant-today  src/finn/kernels/port.py:92                      view     <tuple>                          plain
redundant-today  src/finn/kernels/port.py:96                      view     TIEOFFS_SEMANTICS                plain
redundant-today  src/finn/kernels/streams.py:106                  view     STAGE_SEMANTICS                  plain
redundant-today  src/finn/kernels/streams.py:114                  Param    TENSOR                           plain
redundant-today  src/finn/kernels/streams.py:126                  view     STAGE_SEMANTICS                  plain
redundant-today  src/finn/kernels/streams.py:210                  derived  ENDS                             plain
redundant-today  src/finn/kernels/streams.py:227                  derived  STAGES                           plain
redundant-today  src/finn/kernels/streams.py:239                  view     STAGES                           plain
redundant-today  src/finn/kernels/streams.py:260                  derived  CONNECTION_SEMANTICS             plain
redundant-today  src/finn/kernels/streams.py:298                  view     STAGES                           plain
redundant-today  src/finn/kernels/thresholding.py:358             view     CONTROL_SEMANTICS                plain
redundant-today  src/finn/kernels/transpose.py:135                derived  CLOCKING                         plain
redundant-today  src/finn/kernels/vpc.py:50                       derived  CLOCKING                         plain
stays            src/finn/kernels/datatypes/scalar.py:41          Param    QONNX_DATATYPE_VALUE_SEMANTICS   Protocol
stays            src/finn/kernels/eltwise.py:68                   Param    QONNX_DATATYPE_VALUE_SEMANTICS   Protocol
stays            src/finn/kernels/eltwise.py:69                   Param    QONNX_DATATYPE_VALUE_SEMANTICS   Protocol
stays            src/finn/kernels/eltwise.py:75                   derived  QONNX_DATATYPE_VALUE_SEMANTICS   Protocol
stays            src/finn/kernels/input_generator.py:50           Param    INTEGER_VECTOR                   plain, custom INTEGER_VECTOR
stays            src/finn/kernels/input_generator.py:51           Param    INTEGER_VECTOR                   plain, custom INTEGER_VECTOR
stays            src/finn/kernels/int_to_fp32.py:37               Param    QONNX_DATATYPE_VALUE_SEMANTICS   Protocol
stays            src/finn/kernels/matmul.py:146                   Param    QONNX_DATATYPE_VALUE_SEMANTICS   Protocol
stays            src/finn/kernels/matmul.py:147                   Param    QONNX_DATATYPE_VALUE_SEMANTICS   Protocol
stays            src/finn/kernels/matmul.py:150                   Param    INTEGER_TENSOR                   plain, custom INTEGER_TENSOR
stays            src/finn/kernels/matmul.py:186                   derived  INTEGER_TENSOR                   plain, custom INTEGER_TENSOR
stays            src/finn/kernels/matmul.py:207                   derived  QONNX_DATATYPE_VALUE_SEMANTICS   Protocol | marker
stays            src/finn/kernels/memstream.py:131                derived  INTEGER_VECTOR                   T | marker, custom INTEGER_VECTOR
stays            src/finn/kernels/memstream.py:79                 Param    QONNX_DATATYPE_VALUE_SEMANTICS   Protocol
stays            src/finn/kernels/memstream.py:82                 Param    INTEGER_TENSOR                   plain, custom INTEGER_TENSOR
stays            src/finn/kernels/memstream.py:97                 derived  QONNX_DATATYPE_VALUE_SEMANTICS   Protocol
stays            src/finn/kernels/memstream_hls.py:42             Param    QONNX_DATATYPE_VALUE_SEMANTICS   Protocol
stays            src/finn/kernels/port.py:144                     Param    INTEGER_POLICY                   union
stays            src/finn/kernels/port.py:146                     Param    QONNX_DATATYPE_VALUE_SEMANTICS   Protocol
stays            src/finn/kernels/thresholding.py:234             derived  QONNX_DATATYPE_VALUE_SEMANTICS   Protocol
stays            src/finn/kernels/thresholding.py:67              Param    QONNX_DATATYPE_VALUE_SEMANTICS   Protocol
stays            src/finn/kernels/thresholding.py:68              Param    QONNX_DATATYPE_VALUE_SEMANTICS   Protocol
stays            src/finn/kernels/thresholding.py:71              Param    THRESHOLD_TABLE                  plain, custom THRESHOLD_TABLE
stays            src/finn/kernels/thresholding.py:74              derived  QONNX_DATATYPE_VALUE_SEMANTICS   Protocol | marker
stays            src/finn/kernels/transpose.py:86                 derived  QONNX_DATATYPE_VALUE_SEMANTICS   Protocol

scanned sites: 113 (113 distinct lines)
  redundant-today   40  {'CLOCKING': 8, 'INDICES': 7, 'STAGES': 4, 'TENSOR': 3, 'SCHEDULE': 2, 'CONTROL_SEMANTICS': 2, '<tuple>': 2, 'STAGE_SEMANTICS': 2, 'PLAN': 1, 'MODULE_REQUIREMENTS': 1, '<GeneratedData>': 1, '<Bus>': 1, 'MARKERS': 1, 'SIGNAL_NAMES': 1, 'STREAM_CONTRACT': 1, 'TIEOFFS_SEMANTICS': 1, 'ENDS': 1, 'CONNECTION_SEMANTICS': 1}
  redundant-D2      31  {'TENSOR': 4, 'SCALAR_ENCODING': 3, 'INPUT_GEN_FACTS': 2, 'VPC_FACTS': 2, 'TRANSPORT': 2, 'PLAN': 1, 'REALIZATION': 1, 'MODULE_REQUIREMENTS': 1, 'TIEOFFS_SEMANTICS': 1, 'COMPOSED': 1, 'PARTS_SEMANTICS': 1, 'EXPORTED_SEMANTICS': 1, '<int>': 1, '<float>': 1, '<FifoStorage>': 1, 'MARKERS': 1, 'FINN_ATTRIBUTES': 1, '<str>': 1, 'AXI_STREAM': 1, 'CONNECTION_SEMANTICS': 1, 'STREAM_CONTRACT': 1, '<Bus>': 1, '<tuple>': 1}
  name-only         17  {'BEAT_SEQUENCE': 14, 'TRAVERSAL': 3}
  stays             25  {'QONNX_DATATYPE_VALUE_SEMANTICS': 17, 'INTEGER_VECTOR': 3, 'INTEGER_TENSOR': 3, 'INTEGER_POLICY': 1, 'THRESHOLD_TABLE': 1}
