============================= test session starts ==============================
platform linux -- Python 3.10.19, pytest-9.1.1, pluggy-1.6.0 -- /home/tkeller/prj-kernels/.kernel-venv/bin/python
hypothesis profile 'default'
rootdir: /home/tkeller/prj-kernels/finn-kernel-authoring
configfile: setup.cfg
plugins: hypothesis-6.167.1
collecting ... collected 29 items

test_p1_semantics_rule.py::test_base_rule_refuses_a_marked_union PASSED
test_p1_semantics_rule.py::test_marked_union_infers_the_value_type PASSED
test_p1_semantics_rule.py::test_explicit_semantics_still_overrides PASSED
test_p1_semantics_rule.py::test_explicit_semantics_is_checked_against_the_value_type PASSED
test_p1_semantics_rule.py::test_base_rule_does_not_check_an_explicit_override_on_a_union PASSED
test_p1_semantics_rule.py::test_protocol_still_needs_semantics PASSED
test_p1_semantics_rule.py::test_genuine_union_still_needs_semantics[optional] PASSED
test_p1_semantics_rule.py::test_genuine_union_still_needs_semantics[two_values] PASSED
test_p2_extent_binding.py::test_the_schedule_reads_extents_bound_from_its_ports PASSED
test_p2_extent_binding.py::test_a_disagreement_is_a_rejection_not_an_exception PASSED
test_p2_extent_binding.py::test_a_rank_mismatch_is_a_rejection PASSED
test_p2_extent_binding.py::test_a_view_binds_nothing_and_is_checked_against_the_bound_extents PASSED
test_p2_extent_binding.py::test_a_view_of_another_size_is_refused PASSED
test_p2_extent_binding.py::test_an_affine_axis_binds_nothing PASSED
test_p2_extent_binding.py::test_a_window_kernel_binds_oh_and_kh_from_its_output_and_checks_the_reach PASSED
test_p3_fold_domain.py::test_inline_extent_of_in_a_domain_is_refused_at_link_time PASSED
test_p3_fold_domain.py::test_the_named_member_domain_enumerates_and_commits PASSED
test_p3_fold_domain.py::test_a_parent_pins_the_fold_by_key PASSED
test_p3_fold_domain.py::test_a_parent_narrows_the_fold PASSED
test_p3_fold_domain.py::test_a_pin_outside_the_domain_is_a_rejection PASSED
test_p4_producer_element.py::test_the_output_element_is_stated_with_the_output_stream_absent PASSED
test_p4_producer_element.py::test_a_stream_of_that_element_accepts_the_producer PASSED
test_p4_producer_element.py::test_a_stream_of_another_element_refuses_the_producer PASSED
test_p4_producer_element.py::test_today_a_placed_scheduled_port_takes_the_streams_element PASSED
test_p4_producer_element.py::test_a_dtype_reading_its_own_output_stream_has_no_element_unplaced PASSED
test_p5_flat_fold.py::test_the_engine_cannot_commit_a_divisor_fold_flat PASSED
test_p5_flat_fold.py::test_nor_with_the_domain_read_off_the_absent_stream PASSED
test_p5_flat_fold.py::test_the_fallback_commits_flat_within_the_rtl_bound PASSED
test_p5_flat_fold.py::test_the_fallback_is_the_divisors_once_placed PASSED

============================== 29 passed in 6.36s ==============================
